// Jest Snapshot v1, https://goo.gl/fbAQLP

exports[`testing snapshot 1`] = `
<DocumentFragment>
  <div>
    <h1>
      We're all GOATED
    </h1>
    <button>
      Fetch Todos
    </button>
  </div>
</DocumentFragment>
`;
